[docs.0x.org/introduction/welcome.html]
[backblue.gif]
[fade.gif]
[index.html]
[app.gitbook.com/public/fonts/Inter/Inter-Bold3535.woff2]
[app.gitbook.com/public/fonts/Inter/Inter-BoldItalic3535.woff2]
[app.gitbook.com/public/fonts/Inter/Inter-ExtraBold3535.woff2]
[app.gitbook.com/public/fonts/Inter/Inter-ExtraBoldItalic3535.woff2]
[app.gitbook.com/public/fonts/Inter/Inter-Medium3535.woff2]
[app.gitbook.com/public/fonts/Inter/Inter-MediumItalic3535.woff2]
[app.gitbook.com/public/fonts/Inter/Inter-Regular3535.woff2]
[app.gitbook.com/public/fonts/Inter/Inter-Italic3535.woff2]
[app.gitbook.com/public/fonts/Inter/Inter-Bold3535.woff]
[app.gitbook.com/public/fonts/Inter/Inter-BoldItalic3535.woff]
[app.gitbook.com/public/fonts/Inter/Inter-ExtraBold3535.woff]
[app.gitbook.com/public/fonts/Inter/Inter-ExtraBoldItalic3535.woff]
[app.gitbook.com/public/fonts/Inter/Inter-Medium3535.woff]
[app.gitbook.com/public/fonts/Inter/Inter-MediumItalic3535.woff]
[app.gitbook.com/public/fonts/Inter/Inter-Regular3535.woff]
[app.gitbook.com/public/fonts/Inter/Inter-Italic3535.woff]
[1690203644-files.gitbook.io/_/files/v0/b/gitbook-x-prod.appspot.com/o/spaces/KX9pG8rH3DbKDOvV7di7/icon/1nKfBhLbPxd2KuXchHET/0x logo23ef.png]
[app.gitbook.com/public/emojis/emoji-assets-spriteef32.css]
[app.gitbook.com/public/app/public-LJUHKFTS.mina5ed.js]
[cdn.iframe.ly/embed.js]
[cdn.polyfill.io/v2/polyfill8a7a.js]
[www.gitbook.com/cdn-cgi/image/width=40,height=40,fit=contain,dpr=1,format=aut/https_/1690203644-files.gitbook.io/_/files/v0/b/gitbook-x-prod.appspot.com/o/spaces%2FKX9pG8rH3DbKDOvV7di7%2Ficon%2F1nKfBhLbPxd2KuXchHET%2F]
[www.gitbook.com/cdn-cgi/image/width=24,height=24,fit=contain,dpr=1,format=aut/https_/1690203644-files.gitbook.io/_/files/v0/b/gitbook-x-prod.appspot.com/o/spaces%2FKX9pG8rH3DbKDOvV7di7%2Ficon%2F1nKfBhLbPxd2KuXchHET%2F]
[docs.0x.org/introduction/introduction-to-0x.html]
[docs.0x.org/introduction/guides.html]
[docs.0x.org/introduction/community.html]
[docs.0x.org/introduction/0x-cheat-sheet.html]
[www.gitbook.com/index8de6.html]
[app.gitbook.com/index.html]
[firebasestorage.googleapis.com/v0/b/gitbook-x-prod.appspot.com/o/spaces/KX9pG8rH3DbKDOvV7di7/icon/1nKfBhLbPxd2KuXchHET/0x logo23ef.png]
[status.0x.org/index.html]
[firebasestorage.googleapis.com/v0/b/gitbook-x-prod.appspot.com/o/spaces/KX9pG8rH3DbKDOvV7di7/uploads/d90QdYePg7gfFUcJnM6F/0x-api-faq4a21]
[firebasestorage.googleapis.com/v0/b/gitbook-x-prod.appspot.com/o/spaces/KX9pG8rH3DbKDOvV7di7/uploads/d4fxT24HwgPvhuSdyuaa/Screen Shot 2022-01-10 at 10.13.29 AMb166.png]
[firebasestorage.googleapis.com/v0/b/gitbook-x-prod.appspot.com/o/spaces/KX9pG8rH3DbKDOvV7di7/uploads/NMAeFB4z9GMOoZwHe2PX/Screenshot 2022-03-03 14.28.362e0d.png]
[firebasestorage.googleapis.com/v0/b/gitbook-x-prod.appspot.com/o/spaces/KX9pG8rH3DbKDOvV7di7/uploads/Rvy86yF9ifisclXQ0MqF/imagef8aa.png]
[firebasestorage.googleapis.com/v0/b/gitbook-x-prod.appspot.com/o/spaces/KX9pG8rH3DbKDOvV7di7/uploads/tKCFlGrVdd4wfU0r4eop/Screen Shot 2022-01-14 at 10.22.40 AM5325.png]
[firebasestorage.googleapis.com/v0/b/gitbook-x-prod.appspot.com/o/spaces/KX9pG8rH3DbKDOvV7di7/uploads/OL6b5IxyBLbGCMT0Yeax/Screen Shot 2022-01-14 at 10.22.40 AMd79d.png]
[firebasestorage.googleapis.com/v0/b/gitbook-x-prod.appspot.com/o/spaces/KX9pG8rH3DbKDOvV7di7/uploads/xBJshPMCiXjtILjW1IY1/image9753.png]
[firebasestorage.googleapis.com/v0/b/gitbook-x-prod.appspot.com/o/spaces/KX9pG8rH3DbKDOvV7di7/uploads/EUaTQ144n7G3VweWG9hJ/Screen Shot 2022-04-19 at 4.54.48 PM4680.png]
[firebasestorage.googleapis.com/v0/b/gitbook-x-prod.appspot.com/o/spaces/KX9pG8rH3DbKDOvV7di7/uploads/cLoqBtmgBlAQhGtNalCi/Screen Shot 2022-01-10 at 10.13.29 AMf809.png]
[firebasestorage.googleapis.com/v0/b/gitbook-x-prod.appspot.com/o/spaces/KX9pG8rH3DbKDOvV7di7/uploads/GYSOTtAc9lTIwIX9NA3k/Screen Shot 2022-02-12 at 8.53.40 PMa814.png]
[firebasestorage.googleapis.com/v0/b/gitbook-x-prod.appspot.com/o/spaces/KX9pG8rH3DbKDOvV7di7/uploads/lKkuG4lNGriFnVKGte0W/Screen Shot 2022-01-14 at 10.27.10 AM3235.png]
[firebasestorage.googleapis.com/v0/b/gitbook-x-prod.appspot.com/o/spaces/KX9pG8rH3DbKDOvV7di7/uploads/pfQqAltuOSHNcrA1Gl5Q/onchainoffchain6244.gif]
[firebasestorage.googleapis.com/v0/b/gitbook-x-prod.appspot.com/o/spaces/KX9pG8rH3DbKDOvV7di7/uploads/Kx0DMK4OGHQw0Xh9KRNz/Screen Shot 2022-02-01 at 11.06.23 PMc237.png]
[firebasestorage.googleapis.com/v0/b/gitbook-x-prod.appspot.com/o/spaces/KX9pG8rH3DbKDOvV7di7/uploads/ld5euhJ5xI6NnZNUGTXg/imageb2e5.png]
[firebasestorage.googleapis.com/v0/b/gitbook-x-prod.appspot.com/o/spaces/KX9pG8rH3DbKDOvV7di7/uploads/Dqr8n4Uju7MIeyawKexv/image7638.png]
[firebasestorage.googleapis.com/v0/b/gitbook-x-prod.appspot.com/o/spaces/KX9pG8rH3DbKDOvV7di7/uploads/f0qJyiNfCNJCTmDaNvYE/proxy9fde.png]
[firebasestorage.googleapis.com/v0/b/gitbook-x-prod.appspot.com/o/spaces/KX9pG8rH3DbKDOvV7di7/uploads/VgPcwBGg6b9rq8zNu1ae/smart-nonces25c0.png]
[firebasestorage.googleapis.com/v0/b/gitbook-x-prod.appspot.com/o/spaces/KX9pG8rH3DbKDOvV7di7/uploads/RrAcFIGXxvCmwfwhMazZ/0x_circles_50af5e.png]
[firebasestorage.googleapis.com/v0/b/gitbook-x-prod.appspot.com/o/spaces/KX9pG8rH3DbKDOvV7di7/uploads/6M44MaiWKQgIqWkA4WYM/Screen Shot 2022-02-12 at 8.53.40 PMe1a9.png]
[firebasestorage.googleapis.com/v0/b/gitbook-x-prod.appspot.com/o/spaces/KX9pG8rH3DbKDOvV7di7/uploads/XrqMrDS7IxkQwlum3BGA/Screen Shot 2022-01-26 at 1.59.15 PM834c.png]
[firebasestorage.googleapis.com/v0/b/gitbook-x-prod.appspot.com/o/spaces/KX9pG8rH3DbKDOvV7di7/uploads/jzrt8haluq12Ex858tzP/Screen Shot 2022-02-01 at 11.06.23 PMbe53.png]
[firebasestorage.googleapis.com/v0/b/gitbook-x-prod.appspot.com/o/spaces/KX9pG8rH3DbKDOvV7di7/uploads/zZkfQIHfAmTuhk1gG4w5/0x graphic93e7.png]
[firebasestorage.googleapis.com/v0/b/gitbook-x-prod.appspot.com/o/spaces/KX9pG8rH3DbKDOvV7di7/uploads/AKWhjuBPvUAzAutF3Ref/Screen Shot 2022-01-26 at 1.59.15 PM34a4.png]
[firebasestorage.googleapis.com/v0/b/gitbook-x-prod.appspot.com/o/spaces/KX9pG8rH3DbKDOvV7di7/uploads/vxCTWNCMRfHNGCnBIcOg/zrx-portal-faq49cf.mdx]
[docs.0x.org/introduction/welcome.html]
[app.gitbook.com/public/emojis/joypixels-sprite-64-peopleef32.png]
[app.gitbook.com/public/emojis/joypixels-sprite-64-people@2xef32.png]
[app.gitbook.com/public/emojis/joypixels-sprite-64-natureef32.png]
[app.gitbook.com/public/emojis/joypixels-sprite-64-nature@2xef32.png]
[app.gitbook.com/public/emojis/joypixels-sprite-64-foodef32.png]
[app.gitbook.com/public/emojis/joypixels-sprite-64-food@2xef32.png]
[app.gitbook.com/public/emojis/joypixels-sprite-64-activityef32.png]
[app.gitbook.com/public/emojis/joypixels-sprite-64-activity@2xef32.png]
[app.gitbook.com/public/emojis/joypixels-sprite-64-travelef32.png]
[app.gitbook.com/public/emojis/joypixels-sprite-64-travel@2xef32.png]
[app.gitbook.com/public/emojis/joypixels-sprite-64-objectsef32.png]
[app.gitbook.com/public/emojis/joypixels-sprite-64-objects@2xef32.png]
[app.gitbook.com/public/emojis/joypixels-sprite-64-symbolsef32.png]
[app.gitbook.com/public/emojis/joypixels-sprite-64-symbols@2xef32.png]
[app.gitbook.com/public/emojis/joypixels-sprite-64-flagsef32.png]
[app.gitbook.com/public/emojis/joypixels-sprite-64-flags@2xef32.png]
[app.gitbook.com/public/emojis/joypixels-sprite-64-regionalef32.png]
[app.gitbook.com/public/emojis/joypixels-sprite-64-regional@2xef32.png]
[app.gitbook.com/public/emojis/joypixels-sprite-64-diversityef32.png]
[app.gitbook.com/public/emojis/joypixels-sprite-64-diversity@2xef32.png]
[app.gitbook.com/public/emojis/emoji-assets-spriteef32.css]
[docs.0x.org/introduction/_https_/www.gitbook.com/cdn-cgi/image/width=40,height=40,fit=contain,dpr=1,format=aut/https_/1690203644-files.gitbook.io/_/files/v0/b/gitbook-x-prod.appspot.com/o/spaces%2FKX9pG8rH3DbKDOvV7di7]
[docs.0x.org/introduction/_https_/www.gitbook.com/cdn-cgi/image/width=24,height=24,fit=contain,dpr=1,format=aut/https_/1690203644-files.gitbook.io/_/files/v0/b/gitbook-x-prod.appspot.com/o/spaces%2FKX9pG8rH3DbKDOvV7di7]
[1690203644-files.gitbook.io/_/files/v0/b/gitbook-x-prod.appspot.com/o/spaces/KX9pG8rH3DbKDOvV7di7/uploads/XrqMrDS7IxkQwlum3BGA/Screen Shot 2022-01-26 at 1.59.15 PM834c.png]
[1690203644-files.gitbook.io/_/files/v0/b/gitbook-x-prod.appspot.com/o/spaces/KX9pG8rH3DbKDOvV7di7/uploads/EUaTQ144n7G3VweWG9hJ/Screen Shot 2022-04-19 at 4.54.48 PM4680.png]
[docs.0x.org/ssr-render/docs.0x.org/introduction/_https_/1690203644-files.gitbook.io/_/files/v0/b/gitbook-x-prod.appspot.com/o/spaces/KX9pG8rH3DbKDOvV7di7/uploads/XrqMrDS7IxkQwlum3BGA/Screen Shot 2022-01-26 at 1.59.15]
[docs.0x.org/ssr-render/docs.0x.org/introduction/_https_/1690203644-files.gitbook.io/_/files/v0/b/gitbook-x-prod.appspot.com/o/spaces/KX9pG8rH3DbKDOvV7di7/uploads/pfQqAltuOSHNcrA1Gl5Q/onchainoffchain9a8b.gif]
[1690203644-files.gitbook.io/_/files/v0/b/gitbook-x-prod.appspot.com/o/spaces/KX9pG8rH3DbKDOvV7di7/uploads/pfQqAltuOSHNcrA1Gl5Q/onchainoffchain6244.gif]
[docs.0x.org/ssr-render/docs.0x.org/introduction/_https_/1690203644-files.gitbook.io/_/files/v0/b/gitbook-x-prod.appspot.com/o/spaces/KX9pG8rH3DbKDOvV7di7/uploads/EUaTQ144n7G3VweWG9hJ/Screen Shot 2022-04-19 at 4.54.48]
[firebasestorage.googleapis.com/v0/b/gitbook-x-prod.appspot.com/o/spaces/KX9pG8rH3DbKDOvV7di7/uploads/fRNjjcdnUcAuT0gtMjQX/Screen Shot 2022-02-07 at 5.25.46 PMc261.png]
[firebasestorage.googleapis.com/v0/b/gitbook-x-prod.appspot.com/o/spaces/KX9pG8rH3DbKDOvV7di7/uploads/wMK32IdaTTYP3GMwy0ux/image52eb.png]
[docs.0x.org/introduction/introduction-to-0x.html]
[firebasestorage.googleapis.com/v0/b/gitbook-x-prod.appspot.com/o/spaces/KX9pG8rH3DbKDOvV7di7/uploads/FJKbS3dGQj2h8lb8WVPZ/image (1)f7f0.png]
[docs.0x.org/introduction/guides.html]
[docs.0x.org/introduction/community.html]
[app.gitbook.com/public/fonts/SourceCodePro/SourceCodePro-Bold3535.woff2]
[app.gitbook.com/public/fonts/SourceCodePro/SourceCodePro-BoldItalic3535.woff2]
[app.gitbook.com/public/fonts/SourceCodePro/SourceCodePro-Black3535.woff2]
[app.gitbook.com/public/fonts/SourceCodePro/SourceCodePro-BlackItalic3535.woff2]
[app.gitbook.com/public/fonts/SourceCodePro/SourceCodePro-Medium3535.woff2]
[app.gitbook.com/public/fonts/SourceCodePro/SourceCodePro-MediumItalic3535.woff2]
[app.gitbook.com/public/fonts/SourceCodePro/SourceCodePro-Regular3535.woff2]
[app.gitbook.com/public/fonts/SourceCodePro/SourceCodePro-Italic3535.woff2]
[app.gitbook.com/public/fonts/SourceCodePro/SourceCodePro-Bold3535.woff]
[app.gitbook.com/public/fonts/SourceCodePro/SourceCodePro-BoldItalic3535.woff]
[app.gitbook.com/public/fonts/SourceCodePro/SourceCodePro-Black3535.woff]
[app.gitbook.com/public/fonts/SourceCodePro/SourceCodePro-BlackItalic3535.woff]
[app.gitbook.com/public/fonts/SourceCodePro/SourceCodePro-Medium3535.woff]
[app.gitbook.com/public/fonts/SourceCodePro/SourceCodePro-MediumItalic3535.woff]
[app.gitbook.com/public/fonts/SourceCodePro/SourceCodePro-Regular3535.woff]
[app.gitbook.com/public/fonts/SourceCodePro/SourceCodePro-Italic3535.woff]
[docs.0x.org/introduction/0x-cheat-sheet.html]
[statuspal.io/uploads/status_pages/favicon/original/4124-favicon-2-32x323a92.png]
[statuspal.io/css/status_page-9d513f3d020a1571374af8f0af2cf5ef24ad.css]
[statuspal.io/uploads/status_pages/logo/original/4124-0x-Icon-Circle-Whiteda19.png]
[status.0x.org/incidents/77032.html]
[status.0x.org/incidents/82039.html]
[status.0x.org/incidents/81917.html]
[status.0x.org/incidents.html]
[platform.slack-edge.com/img/add_to_slack.png]
[statuspal.io/js/status_page-339283588e25bedb4c8cbc5e8fc7988424ad.js]
[status.0x.org/index.html]
[hcaptcha.com/1/api.js]
[assets-global.website-files.com/600ead1452cf056d0e52dbed/css/gitbook-marketing.323cdb0e1.min.css]
[ajax.googleapis.com/ajax/libs/webfont/1.6.26/webfont.js]
[assets-global.website-files.com/600ead1452cf056d0e52dbed/6246d2036225eac4d74cff27_Favicon_Blue.png]
[assets-global.website-files.com/600ead1452cf056d0e52dbed/6246d2557082dee5d70cc49f_Webclip_Blue.png]
[www.google-analytics.com/analytics.js]
[www.gitbook.com/index.html]
[js.hs-scripts.com/8443689.js]
[cdn.jetboost.io/jetboost.js]
[www.gitbook.com/explore.html]
[www.gitbook.com/use-cases/product-docs.html]
[www.gitbook.com/use-cases/quae-sunt-sint.html]
[www.gitbook.com/use-cases/open-source.html]
[www.gitbook.com/feature/visitor-authentication.html]
[www.gitbook.com/feature/git-sync.html]
[www.gitbook.com/about.html]
[www.gitbook.com/blog]
[www.gitbook.com/pricing.html]
[www.gitbook.com/contact/request-demo.html]
[assets-global.website-files.com/600ead1452cf056d0e52dbed/6011abb9b7f3b11559833803_sparkling-heart_1f496.png]
[assets-global.website-files.com/600ead1452cf056d0e52dbed/603a7bc0fa052dd5d52be9b8_Stacked Screens (1).png]
[assets-global.website-files.com/600ead1452cf056d0e52dbed/603f67d3723505b948cb08a8_Design System (1).png]
[assets-global.website-files.com/600ead1452cf056d0e52dbed/603ec04cc85c258000acec1e_Product Docs.png]
[assets-global.website-files.com/600ead145d96f0d6c6772c5e/602eee9feebc573ddf384ce2_spaces_-LBKK1y7h_XWAtuRJG9X_avatar.png]
[assets-global.website-files.com/600ead145d96f0d6c6772c5e/602d871a2d633b73e3c0cdb4_spaces_-M4NyS23Rc5M2iWbDvp7_avatar-1587406160831.png]
[assets-global.website-files.com/600ead145d96f0d6c6772c5e/602d89afc4c50d1ae8b9fb79_spaces_-Li9-jOpvxUkfYF-yBs1_avatar.png]
[assets-global.website-files.com/600ead145d96f0d6c6772c5e/602da6c9d2e4036532344c08_panther.png]
[assets-global.website-files.com/600ead145d96f0d6c6772c5e/602da663d7c2606132b69690_spaces_-LR7SWfEwsNtj_ZiSkSA_avatar.png]
[assets-global.website-files.com/600ead145d96f0d6c6772c5e/602e9557dcff4401e2671db1_spaces_-Lf1Mc1caFdNCK_mBwhe_avatar-1585843848509.png]
[assets-global.website-files.com/600ead145d96f0d6c6772c5e/602e95ab58400c6147087b01_spaces_-M6jY7sXTmhiAIMGYw_m_avatar-1591122598165.png]
[assets-global.website-files.com/600ead145d96f0d6c6772c5e/602e964cb5d9e77f3d6020dd_spaces_-MEI7sVcMmyZPkjVla0Q_avatar-1597058506732.png]
[assets-global.website-files.com/600ead145d96f0d6c6772c5e/602e9a35128197abf7805265_spaces_-M9KFMkcxAsBjLOLvBni_avatar-1594310291800.png]
[assets-global.website-files.com/600ead145d96f0d6c6772c5e/602eab4aa4f8342e2c2613f2_spaces_-Lqya5RvLedGEWPhtkjU_avatar.png]
[assets-global.website-files.com/600ead145d96f0d6c6772c5e/602eac662bca934bc7a4fa9f_spaces_-M8KDxOujDoPpJyJJ5_i_avatar-1590579241040.png]
[assets-global.website-files.com/600ead145d96f0d6c6772c5e/602eacb2c0c24a7b9dcea7e1_spaces_-LhGHkPsv15svPIU5I7C_avatar.png]
[assets-global.website-files.com/600ead145d96f0d6c6772c5e/602eae1a8fc923e0b291edce_spaces_-Lm_hW5MApY3J0lRhi0M_avatar.png]
[assets-global.website-files.com/600ead145d96f0d6c6772c5e/602eae5674316f4b13bacab9_spaces_-LTZTdK3axM4jYfyrJSW_avatar-rectangle.png]
[assets-global.website-files.com/600ead145d96f0d6c6772c5e/602eb00af404f0d29f66432e_andronix.png]
[assets-global.website-files.com/600ead145d96f0d6c6772c5e/602d3fb9c171a206941040be_spaces%2F-M418Ul0aSTwf2PYsyPW%2Favatar-rectangle-1600279121105.png]
[assets-global.website-files.com/600ead145d96f0d6c6772c5e/603651975ddbb643c78082c6_qmk_icon_48.png]
[assets-global.website-files.com/600ead145d96f0d6c6772c5e/60363e9568c9455cb1497665_spaces_-LKKSx-3LBTCtaHbg0gl_avatar.png]
[assets-global.website-files.com/600ead145d96f0d6c6772c5e/60363ec26e87eb419e2f4566_spaces_-LwY_OXUQHvmdEoy0xNa_avatar.png]
[assets-global.website-files.com/600ead145d96f0d6c6772c5e/60363f4dd3c379805ea8196b_spaces_-LfAV-aY9_2BPn0A3m33_avatar-1612026438295.png]
[assets-global.website-files.com/600ead145d96f0d6c6772c5e/60363f7b5203fd6ad23b7d12_spaces_-M4IGuGLvRTou2pTniuH_avatar-1586413582306.png]
[assets-global.website-files.com/600ead145d96f0d6c6772c5e/60363fd44c01540bd1ad4d93_spaces_-M9vo_25zujehqNAPHdo_avatar-1605567281571.png]
[assets-global.website-files.com/600ead145d96f0d6c6772c5e/6036404f0b74b15a631353b9_spaces_-Ldi5WtVBeQ2iFbdqJ1a_avatar.png]
[assets-global.website-files.com/600ead145d96f0d6c6772c5e/603640aa77a2d22926e7dc77_spaces_-LUD0SaYwlwiIwTSyXLn_avatar.png]
[assets-global.website-files.com/600ead145d96f0d6c6772c5e/60364113f14af950ffaaa1f6_spaces_-LC12sgBWZWwjEbbd84M_avatar.png]
[assets-global.website-files.com/600ead145d96f0d6c6772c5e/6036416ff8ce86f870fce048_spaces_-LYJWnUT3lUFQk1K9BCK_avatar-1609745984514.png]
[assets-global.website-files.com/600ead145d96f0d6c6772c5e/603641acb8e055553a9eae3a_Screenshot 2021-02-24 at 12.08.02.png]
[assets-global.website-files.com/600ead145d96f0d6c6772c5e/603641f6a0528039a1f3661e_spaces_-LNpgKrL-IoTKA1hnf9M_avatar-1588940433384.png]
[assets-global.website-files.com/600ead145d96f0d6c6772c5e/60364575aadfee89c0d2ccc3_orgs_-M5DrwMM1gh1ESlSMs1w_avatar-1587239968935.png]
[assets-global.website-files.com/600ead145d96f0d6c6772c5e/6036459bb18f7477a4627ce1_spaces_-Lulz44snZCQCyuqQ_vg_avatar-1597918021651.png]
[assets-global.website-files.com/600ead1452cf056d0e52dbed/603ec04cb0bb3e0533aae38d_Knowledge Base.png]
[assets-global.website-files.com/600ead1452cf056d0e52dbed/603ec04dbc56032eda0ad0cf_Personal.png]
[assets-global.website-files.com/600ead1452cf056d0e52dbed/603ec04de4b4c352a8aa9e52_API Docs.png]
[assets-global.website-files.com/600ead1452cf056d0e52dbed/603ec04c544253b56f595758_Open Source.png]
[assets-global.website-files.com/600ead1452cf056d0e52dbed/603ec04c9dd7956245589742_Something Else.png]
[www.gitbook.com/contact/contact-us.html]
[d3e54v103j8qbb.cloudfront.net/js/jquery-3.5.1.min.dc5e7f18c87fa0.js]
[assets-global.website-files.com/600ead1452cf056d0e52dbed/js/gitbook-marketing.6ee9bdb2d.js]
[cdn.jsdelivr.net/npm/js-cookie@beta/dist/js.cookie.min.js]
[cdn.jsdelivr.net/npm/promise-polyfill@8/dist/polyfill.min.js]
[cdn.jsdelivr.net/npm/whatwg-fetch@3.0.0/dist/fetch.umd.min.js]
[www.gitbook.com/index8de6.html]
[app.gitbook.com/public/amp-5.8.0-gitbook1.10.0.min.js]
[app.gitbook.com/public/manifest.json]
[app.gitbook.com/public/images/icon-512a5ed.png]
[app.gitbook.com/public/images/icon-ios/icon_512x512a5ed.png]
[app.gitbook.com/public/images/icon-ios/icon_512x512@2xa5ed.png]
[app.gitbook.com/public/app/app-KHRUJH5N.min.js]
[app.gitbook.com/public/app/chunks/chunk-LBK3AHLG.min.js]
[app.gitbook.com/public/app/chunks/chunk-M2XQXILN.min.js]
[app.gitbook.com/public/app/chunks/chunk-6STEEV7T.min.js]
[app.gitbook.com/public/app/chunks/chunk-K5T6F6ZW.min.js]
[app.gitbook.com/public/app/chunks/chunk-ITT4TNJL.min.js]
[app.gitbook.com/public/app/chunks/chunk-NFC43IAL.min.js]
[app.gitbook.com/public/app/chunks/chunk-7F5LNFNG.min.js]
[app.gitbook.com/public/app/chunks/chunk-GIWRZQPT.min.js]
[app.gitbook.com/public/app/chunks/chunk-CO3SYI4B.min.js]
[app.gitbook.com/public/app/chunks/chunk-6N2R75FQ.min.js]
[app.gitbook.com/public/app/chunks/chunk-2FN4WAEJ.min.js]
[app.gitbook.com/public/app/chunks/chunk-L23CJ6WZ.min.js]
[app.gitbook.com/public/app/chunks/chunk-EV235T2Z.min.js]
[app.gitbook.com/public/app/chunks/chunk-AUVWPKSR.min.js]
[app.gitbook.com/public/app/chunks/chunk-RC67YS5E.min.js]
[app.gitbook.com/public/app/chunks/chunk-3D7BTC3O.min.js]
[app.gitbook.com/public/app/chunks/chunk-727HUC7Y.min.js]
[app.gitbook.com/public/app/chunks/chunk-COSHZCUI.min.js]
[app.gitbook.com/public/images/logos/rounded/256x256a5ed.png]
[app.gitbook.com/index.html]
[docs.0x.org/ssr-render/docs.0x.org/introduction/_https_/1690203644-files.gitbook.io/_/files/v0/b/gitbook-x-prod.appspot.com/o/spaces/KX9pG8rH3DbKDOvV7di7/uploads/XrqMrDS7IxkQwlum3BGA/Screen Shot 2022-01-26 at 1.59.15]
[docs.0x.org/ssr-render/docs.0x.org/introduction/_https_/1690203644-files.gitbook.io/_/files/v0/b/gitbook-x-prod.appspot.com/o/spaces/KX9pG8rH3DbKDOvV7di7/uploads/EUaTQ144n7G3VweWG9hJ/Screen Shot 2022-04-19 at 4.54.48]
[docs.0x.org/ssr-render/docs.0x.org/introduction/_https_/1690203644-files.gitbook.io/_/files/v0/b/gitbook-x-prod.appspot.com/o/spaces/KX9pG8rH3DbKDOvV7di7/uploads/pfQqAltuOSHNcrA1Gl5Q/onchainoffchain9a8b.html]
[statuspal.io/css/status_page-9d513f3d020a1571374af8f0af2cf5ef24ad.css]
[status.0x.org/incidents/77032.html]
[status.0x.org/incidents/82039.html]
[status.0x.org/incidents/81917.html]
[status.0x.org/incidents/uptime-calendar.html]
[status.0x.org/incidents/81348.html]
[status.0x.org/incidents/81141.html]
[status.0x.org/incidents/80165.html]
[status.0x.org/incidents/79759.html]
[status.0x.org/incidents/79569.html]
[status.0x.org/incidents/79235.html]
[status.0x.org/incidents/78677.html]
[status.0x.org/incidents/78026.html]
[status.0x.org/incidents/78025.html]
[status.0x.org/incidents/76898.html]
[status.0x.org/incidents/74964.html]
[status.0x.org/incidents/74963.html]
[status.0x.org/incidents/74961.html]
[status.0x.org/incidents/74938.html]
[status.0x.org/incidents/74936.html]
[status.0x.org/incidents/74934.html]
[status.0x.org/incidents/74931.html]
[status.0x.org/incidents/74930.html]
[status.0x.org/incidents/74926.html]
[status.0x.org/incidents/74924.html]
[status.0x.org/incidents/74787.html]
[status.0x.org/incidents/74780.html]
[status.0x.org/incidents/74779.html]
[status.0x.org/incidents/74778.html]
[status.0x.org/incidents/74772.html]
[status.0x.org/incidents/74556.html]
[status.0x.org/incidents/74489.html]
[status.0x.org/incidents/74464.html]
[status.0x.org/incidents/74163.html]
[status.0x.org/incidents/73919.html]
[status.0x.org/incidents/73918.html]
[status.0x.org/incidents/73810.html]
[status.0x.org/incidents/73784.html]
[status.0x.org/incidents/73112.html]
[status.0x.org/incidents/72862.html]
[status.0x.org/incidents/72861.html]
[status.0x.org/incidents/72860.html]
[status.0x.org/incidents/72856.html]
[status.0x.org/incidents/72471.html]
[status.0x.org/incidents/71928.html]
[status.0x.org/incidents/71488.html]
[status.0x.org/incidents/71215.html]
[status.0x.org/incidents/71212.html]
[status.0x.org/incidents/70727.html]
[status.0x.org/incidents/70380.html]
[status.0x.org/incidents/70280.html]
[status.0x.org/incidents/69693.html]
[status.0x.org/incidents.html]
[assets-global.website-files.com/600ead1452cf056d0e52dbed/css/gitbook-marketing.323cdb0e1.min.css]
[www.gitbook.com/index.html]
[status.0x.org/incidents3003.html]
[www.gitbook.com/explore-categories/api-docs.html]
[www.gitbook.com/explore-categories/business.html]
[www.gitbook.com/explore-categories/coding.html]
[www.gitbook.com/explore-categories/communities.html]
[www.gitbook.com/explore-categories/data.html]
[www.gitbook.com/explore-categories/design-systems.html]
[www.gitbook.com/explore-categories/no-code.html]
[www.gitbook.com/explore-categories/open-source.html]
[www.gitbook.com/explore-categories/product-docs.html]
[assets-global.website-files.com/600ead145d96f0d6c6772c5e/6036464f4e4546d3e38ffeb0_thunderbird.png]
[assets-global.website-files.com/600ead145d96f0d6c6772c5e/6036478f9bef0fdb7ba24b86_spaces_-M-YKOB3BVT3Pop84Tg3_avatar.png]
[assets-global.website-files.com/600ead145d96f0d6c6772c5e/602eafb3c15c2059287e8e52_spaces_-M7tm6omVXtrJd6g0cqQ_avatar-1592271939986.png]
[assets-global.website-files.com/600ead145d96f0d6c6772c5e/60364ab45203fd7250428b6f_spaces_-LisemUaXxC3S7Kk9xFz_avatar.png]
[assets-global.website-files.com/600ead145d96f0d6c6772c5e/60364b7879c82223fc7257c7_fibergo.png]
[assets-global.website-files.com/600ead145d96f0d6c6772c5e/60364ca2500cd6f718e25049_icon.png]
[assets-global.website-files.com/600ead145d96f0d6c6772c5e/60364da6600510bb80dfc0d9_spaces_-LbPQOrj0IWdkS19V2Rt_avatar-1610551055493.png]
[assets-global.website-files.com/600ead145d96f0d6c6772c5e/602eaee2bd888e40ac46215a_Screenshot 2021-02-18 at 18.15.34.png]
[assets-global.website-files.com/600ead145d96f0d6c6772c5e/602d113550d1af32696a9650_airbyte.png]
[www.gitbook.com/explore.html]
[cdnjs.cloudflare.com/ajax/libs/jquery.pjax/2.0.1/jquery.pjax.min.js]
[assets-global.website-files.com/600ead145d96f0d6c6772c5e/60d98af979713a10cd608d80_1624869624878-image1.jpg]
[assets-global.website-files.com/600ead145d96f0d6c6772c5e/60d98aff703f032452fc4b96_1624869631422-image18.jpg]
[assets-global.website-files.com/600ead145d96f0d6c6772c5e/60d98af91f92e54196805115_1624869624901-image17.jpg]
[assets-global.website-files.com/600ead145d96f0d6c6772c5e/60d98af99a287c1b07a69939_1624869624828-image20.jpg]
[assets-global.website-files.com/600ead145d96f0d6c6772c5e/60d98b002956d1a30bbe19af_1624869631425-image11.jpg]
[assets-global.website-files.com/600ead145d96f0d6c6772c5e/60d98af90848bb496a49b3ed_1624869624902-image10.jpg]
[assets-global.website-files.com/600ead145d96f0d6c6772c5e/60d98af91f92e57aa6805116_1624869624897-image12.jpg]
[assets-global.website-files.com/600ead145d96f0d6c6772c5e/60d98b00d69768649e461372_1624869631417-image9.jpg]
[assets-global.website-files.com/600ead145d96f0d6c6772c5e/60db1f5d60121a832de27eaa_1624973149278-image19.jpg]
[assets-global.website-files.com/600ead145d96f0d6c6772c5e/60d98b0018b6472cc178bd93_1624869631430-image3.jpg]
[www.gitbook.com/use-cases/product-docs.html]
[embed.shoutout.so/embed.js]
[assets-global.website-files.com/600ead145d96f0d6c6772c5e/60d998b56cf847bc3ad61eb5_1624873140329-image2.jpg]
[assets-global.website-files.com/600ead145d96f0d6c6772c5e/60d98af9ccc0c21e9297b94c_1624869624899-image14.jpg]
[assets-global.website-files.com/600ead145d96f0d6c6772c5e/60d98b00a253863b94325720_1624869631428-image16.jpg]
[www.gitbook.com/use-cases/quae-sunt-sint.html]
[www.gitbook.com/use-cases/open-source.html]
[assets-global.website-files.com/600ead145d96f0d6c6772c5e/60d998b5cf553d4ef4ca1bba_1624873140293-image13.jpg]
[www.gitbook.com/feature/visitor-authentication.html]
[www.gitbook.com/feature/git-sync.html]
[assets-global.website-files.com/600ead145d96f0d6c6772c5e/6246ceb70f40b033e8477712_profile pic.jpg]
[assets-global.website-files.com/600ead145d96f0d6c6772c5e/6246ce964a60d41f2a98c72e_Photo 09-01-2022, 15 53 31 (1).jpg]
[assets-global.website-files.com/600ead145d96f0d6c6772c5e/61f127212eac367eb552a209_vilko.jpg]
[assets-global.website-files.com/600ead145d96f0d6c6772c5e/61f126e1df94b04c6744b5a2_Guillaume.jpg]
[assets-global.website-files.com/600ead145d96f0d6c6772c5e/61eac84458dd20f8788727c4_Tildem-About-02.png]
[assets-global.website-files.com/600ead145d96f0d6c6772c5e/61eac818414d2c625bb357e9_Taran.jpg]
[assets-global.website-files.com/600ead145d96f0d6c6772c5e/61eac7bccd216ed16643d0f1_Screenshot 2022-01-21 at 14.47.27.png]
[assets-global.website-files.com/600ead145d96f0d6c6772c5e/61b9ba10b3fd2b075888d2de_IMG_20190212_204814.jpg]
[assets-global.website-files.com/600ead145d96f0d6c6772c5e/61b8af9f653c8c685f652bea_sophie.jpg]
[assets-global.website-files.com/600ead145d96f0d6c6772c5e/61eac7550306b47ece8586ff_BolandGitBookProfile.jpg]
[assets-global.website-files.com/600ead145d96f0d6c6772c5e/613b75644f3fb16efe9dd161_katie.jpg]
[assets-global.website-files.com/600ead145d96f0d6c6772c5e/6130c8de5cc1673fbf8b1440_sarah.jpg]
[assets-global.website-files.com/600ead145d96f0d6c6772c5e/60b10a1cc074853bf403e9dd_Alex.jpg]
[assets-global.website-files.com/600ead145d96f0d6c6772c5e/60869dadce89f281ca9357fa_Adriana.jpg]
[assets-global.website-files.com/600ead145d96f0d6c6772c5e/606c2021745cb471cd44ae63_Hugh.jpg]
[assets-global.website-files.com/600ead145d96f0d6c6772c5e/603429f7a9271dd726ae5e8f_Screenshot 2021-02-22 at 22.02.26.png]
[assets-global.website-files.com/600ead145d96f0d6c6772c5e/602c4276ecdaaa674df83403_mark.jpg]
[assets-global.website-files.com/600ead145d96f0d6c6772c5e/602c424cbae88ca56d2e163d_petros.png]
[assets-global.website-files.com/600ead145d96f0d6c6772c5e/602c423c4bf30551660d770c_steeve.jpg]
[assets-global.website-files.com/600ead145d96f0d6c6772c5e/602c41f94ad69830fb40f156_natasza.png]
[assets-global.website-files.com/600ead145d96f0d6c6772c5e/602c41b58cd5377d0cb6fcaf_Scott Face.jpg]
[assets-global.website-files.com/600ead145d96f0d6c6772c5e/602c4191ec5830059da6c6e5_steven.jpg]
[assets-global.website-files.com/600ead145d96f0d6c6772c5e/602c417b6b7824364cf95024_adrien.jpg]
[assets-global.website-files.com/600ead145d96f0d6c6772c5e/602c41338a205d54cb0b0554_remi.jpg]
[assets-global.website-files.com/600ead145d96f0d6c6772c5e/602c40f67bf99d1c5adc0d65_simmoni.jpg]
[assets-global.website-files.com/600ead145d96f0d6c6772c5e/602c40d566fe134236b94a9c_johan.png]
[assets-global.website-files.com/600ead145d96f0d6c6772c5e/602c40a04ce6dc47a1dcd480_samy.jpg]
[www.gitbook.com/about.html]
[www.gitbook.com/blog.html]
[app.gitbook.com/o/d8f63b60-89ae-11e7-8574-5927d48c4877/s/-LdzHoLvGMEC0zKzMryl/join-us/talent-acquisition-manager.html]
[www.gitbook.com/pricing.html]
[assets.calendly.com/assets/external/widget.css]
[assets.calendly.com/assets/external/widget.js]
[www.gitbook.com/contact/request-demo.html]
[www.gitbook.com/contact/contact-us.html]
[status.0x.org/incidents/uptime-calendar.html]
[status.0x.org/incidents/81348.html]
[status.0x.org/incidents/81141.html]
[status.0x.org/incidents/80165.html]
[status.0x.org/incidents/79759.html]
[status.0x.org/incidents/79569.html]
[status.0x.org/incidents/79235.html]
[status.0x.org/incidents/78677.html]
[status.0x.org/incidents/78026.html]
[status.0x.org/incidents/78025.html]
[status.0x.org/incidents/76898.html]
[status.0x.org/incidents/74964.html]
[status.0x.org/incidents/74963.html]
[status.0x.org/incidents/74961.html]
[status.0x.org/incidents/74938.html]
[status.0x.org/incidents/74936.html]
[status.0x.org/incidents/74934.html]
[status.0x.org/incidents/74931.html]
[status.0x.org/incidents/74930.html]
[status.0x.org/incidents/74926.html]
[status.0x.org/incidents/74924.html]
[status.0x.org/incidents/74787.html]
[status.0x.org/incidents/74780.html]
[status.0x.org/incidents/74779.html]
[status.0x.org/incidents/74778.html]
[status.0x.org/incidents/74772.html]
[status.0x.org/incidents/74556.html]
[status.0x.org/incidents/74489.html]
[status.0x.org/incidents/74464.html]
[status.0x.org/incidents/74163.html]
[status.0x.org/incidents/73919.html]
[status.0x.org/incidents/73918.html]
[status.0x.org/incidents/73810.html]
[status.0x.org/incidents/73784.html]
[status.0x.org/incidents/73112.html]
[status.0x.org/incidents/72862.html]
[status.0x.org/incidents/72861.html]
[status.0x.org/incidents/72860.html]
[status.0x.org/incidents/72856.html]
[status.0x.org/incidents/72471.html]
[status.0x.org/incidents/71928.html]
[status.0x.org/incidents/71488.html]
[status.0x.org/incidents/71215.html]
[status.0x.org/incidents/71212.html]
[status.0x.org/incidents/70727.html]
[status.0x.org/incidents/70380.html]
[status.0x.org/incidents/70280.html]
[status.0x.org/incidents/69693.html]
[status.0x.org/calendar-incidents.json]
[status.0x.org/incidents/69590.html]
[status.0x.org/incidents/58175.html]
[status.0x.org/incidents/58171.html]
[status.0x.org/incidents/55987.html]
[status.0x.org/incidents/54512.html]
[status.0x.org/incidents/53558.html]
[status.0x.org/incidents/50399.html]
[status.0x.org/incidents/50398.html]
[status.0x.org/incidents/46443.html]
[status.0x.org/incidents/45291.html]
[status.0x.org/incidents/45287.html]
[status.0x.org/incidents/44603.html]
[status.0x.org/incidents/43656.html]
[status.0x.org/incidents/43655.html]
[status.0x.org/incidents/43654.html]
[status.0x.org/incidents/42640.html]
[status.0x.org/incidents/39878.html]
[status.0x.org/incidents/39876.html]
[status.0x.org/incidents/39868.html]
[status.0x.org/incidents/39863.html]
[status.0x.org/incidents/39861.html]
[status.0x.org/incidents/39845.html]
[status.0x.org/incidents/38511.html]
[status.0x.org/incidents/38510.html]
[status.0x.org/incidents/36187.html]
[status.0x.org/incidents/36184.html]
[status.0x.org/incidents/36181.html]
[status.0x.org/incidents/32208.html]
[status.0x.org/incidents/32207.html]
[status.0x.org/incidents/31935.html]
[status.0x.org/incidents/31932.html]
[status.0x.org/incidents/31585.html]
[status.0x.org/incidents/30865.html]
[status.0x.org/incidents/30864.html]
[status.0x.org/incidents/30863.html]
[status.0x.org/incidents/30862.html]
[status.0x.org/incidents/30861.html]
[status.0x.org/incidents/30805.html]
[status.0x.org/incidents/30804.html]
[status.0x.org/incidents/30803.html]
[status.0x.org/incidents/30802.html]
[status.0x.org/incidents/30795.html]
[status.0x.org/incidents/30794.html]
[status.0x.org/incidents/30793.html]
[status.0x.org/incidents/30789.html]
[status.0x.org/incidents/30783.html]
[status.0x.org/incidents/30765.html]
[status.0x.org/incidents/30764.html]
[status.0x.org/incidents/30755.html]
[status.0x.org/incidents/30754.html]
[status.0x.org/incidentsa660.html]
[status.0x.org/incidents3003.html]
[status.0x.org/incidents7de1.html]
[www.gitbook.com/explore-categories/featured.html]
[assets-global.website-files.com/600ead145d96f0d6c6772c5e/60364a57e1f5556622b7ce92_spaces_-Ll7jrseWgVXoVhnULBe_avatar.png]
[assets-global.website-files.com/600ead145d96f0d6c6772c5e/60364bfb7c679e3e3fd8c660_orgs_-LvAr7ZurKsss1PnzlTc_avatar.png]
[assets-global.website-files.com/600ead145d96f0d6c6772c5e/60364c294819021a56dca967_spaces_-LiiXe2K6q6NwWAdegg5_avatar.png]
[www.gitbook.com/explore-categories/api-docs2b1c.html]
[www.gitbook.com/explore-categories/api-docs.html]
[www.gitbook.com/submit-your-project.html]
[assets-global.website-files.com/600ead145d96f0d6c6772c5e/60364a22e1f5552c82b7b963_spaces_-L_r_7LQgMQPpvEeFmRw_avatar.png]
[www.gitbook.com/explore-categories/business.html]
[assets-global.website-files.com/600ead145d96f0d6c6772c5e/60364724239c3ffcec98c2d9_spaces_-LHZRFUkajubOAmgu6Rd_avatar.png]
[www.gitbook.com/explore-categories/coding.html]
[assets-global.website-files.com/600ead145d96f0d6c6772c5e/6036476526bf1a17b7a7c275_swipelogo.png]
[assets-global.website-files.com/600ead145d96f0d6c6772c5e/60364ad491faa932cedc5b50_spaces_-MIgBPgys86rzNcu7Nj5_avatar-1606993160058.png]
[assets-global.website-files.com/600ead145d96f0d6c6772c5e/60364ba679c82283c17274d5_spaces_-LyoWINcZ94NufFa0scm_avatar.png]
[assets-global.website-files.com/600ead145d96f0d6c6772c5e/60363ef1223197cce93795ea_spaces_-LuPv_lMrFV1b9PLExvq_avatar.png]
[assets-global.website-files.com/600ead145d96f0d6c6772c5e/602eaf5e4c1e741095bd0e07_cplogo.png]
[www.gitbook.com/explore-categories/communities.html]
[assets-global.website-files.com/600ead145d96f0d6c6772c5e/602d119ac29f74dc2fab6cd9_spaces_-LR7OsqPORtP86IQxs6E_avatar.png]
[www.gitbook.com/explore-categories/data.html]
[www.gitbook.com/explore-categories/design-systems.html]
[assets-global.website-files.com/600ead145d96f0d6c6772c5e/60364b11f2f310054bd6d535_orgs_-Lm4K5n1l6ZcFT-uGgNF_avatar.png]
[assets-global.website-files.com/600ead145d96f0d6c6772c5e/603640222ddc7c4a84849742_spaces_-M5sbzwG7CljeZdkntrL_avatar-1587940442742.png]
[assets-global.website-files.com/600ead145d96f0d6c6772c5e/60364dc653844b3c39485ea2_spaces_-LAn5scXl2uqUJUOqkJo_avatar.png]
[www.gitbook.com/explore-categories/no-code.html]
[assets-global.website-files.com/600ead145d96f0d6c6772c5e/60364cc2138e55c176b3d410_spaces_-MAdvk5nyUZ57Kqgd94Z_avatar-1593063550690.png]
[www.gitbook.com/explore-categories/open-source.html]
[www.gitbook.com/explore-categories/open-source2b1c.html]
[www.gitbook.com/explore-categories/product-docs.html]
[app.gitbook.com/o/d8f63b60-89ae-11e7-8574-5927d48c4877/s/-LdzHoLvGMEC0zKzMryl/join-us/talent-acquisition-manager.html]
[www.gitbook.com/explore-categories/product-docs2b1c.html]
[assets.calendly.com/assets/external/widget.css]
[assets.calendly.com/assets/external/close-icon.svg]
[status.0x.org/incidents/69590.html]
[status.0x.org/incidents/58175.html]
[status.0x.org/incidents/58171.html]
[status.0x.org/incidents/55987.html]
[status.0x.org/incidents/54512.html]
[status.0x.org/incidents/53558.html]
[status.0x.org/incidents/50399.html]
[status.0x.org/incidents/50398.html]
[status.0x.org/incidents/46443.html]
[status.0x.org/incidents/45291.html]
[status.0x.org/incidents/45287.html]
[status.0x.org/incidents/44603.html]
[status.0x.org/incidents/43656.html]
[status.0x.org/incidents/43655.html]
[status.0x.org/incidents/43654.html]
[status.0x.org/incidents/42640.html]
[status.0x.org/incidents/39878.html]
[status.0x.org/incidents/39876.html]
[status.0x.org/incidents/39868.html]
[status.0x.org/incidents/39863.html]
[status.0x.org/incidents/39861.html]
[status.0x.org/incidents/39845.html]
[status.0x.org/incidents/38511.html]
[status.0x.org/incidents/38510.html]
[status.0x.org/incidents/36187.html]
[status.0x.org/incidents/36184.html]
[status.0x.org/incidents/36181.html]
[status.0x.org/incidents/32208.html]
[status.0x.org/incidents/32207.html]
[status.0x.org/incidents/31935.html]
[status.0x.org/incidents/31932.html]
[status.0x.org/incidents/31585.html]
[status.0x.org/incidents/30865.html]
[status.0x.org/incidents/30864.html]
[status.0x.org/incidents/30863.html]
[status.0x.org/incidents/30862.html]
[status.0x.org/incidents/30861.html]
[status.0x.org/incidents/30805.html]
[status.0x.org/incidents/30804.html]
[status.0x.org/incidents/30803.html]
[status.0x.org/incidents/30802.html]
[status.0x.org/incidents/30795.html]
[status.0x.org/incidents/30794.html]
[status.0x.org/incidents/30793.html]
[status.0x.org/incidents/30789.html]
[status.0x.org/incidents/30783.html]
[status.0x.org/incidents/30765.html]
[status.0x.org/incidents/30764.html]
[status.0x.org/incidents/30755.html]
[status.0x.org/incidents/30754.html]
[status.0x.org/incidentsa660.html]
[status.0x.org/incidents/30751.html]
[status.0x.org/incidents/30748.html]
[status.0x.org/incidents/30747.html]
[status.0x.org/incidents/30742.html]
[status.0x.org/incidents/30741.html]
[status.0x.org/incidents/30740.html]
[status.0x.org/incidents/30739.html]
[status.0x.org/incidents/30738.html]
[status.0x.org/incidents/30737.html]
[status.0x.org/incidents/30736.html]
[status.0x.org/incidents/30735.html]
[status.0x.org/incidents/30734.html]
[status.0x.org/incidents/30732.html]
[status.0x.org/incidents/30730.html]
[status.0x.org/incidents/30728.html]
[status.0x.org/incidents/30727.html]
[status.0x.org/incidents/30726.html]
[status.0x.org/incidents/30717.html]
[status.0x.org/incidents/30700.html]
[status.0x.org/incidents/30607.html]
[status.0x.org/incidents/30606.html]
[status.0x.org/incidents/30605.html]
[status.0x.org/incidents/30604.html]
[status.0x.org/incidents/30603.html]
[status.0x.org/incidents/30600.html]
[status.0x.org/incidents/30575.html]
[status.0x.org/incidents/30553.html]
[status.0x.org/incidents/30551.html]
[status.0x.org/incidents/30548.html]
[status.0x.org/incidents/30546.html]
[status.0x.org/incidents/30545.html]
[status.0x.org/incidents/30544.html]
[status.0x.org/incidents/30533.html]
[status.0x.org/incidents/30525.html]
[status.0x.org/incidents/30521.html]
[status.0x.org/incidents/30496.html]
[status.0x.org/incidents/30492.html]
[status.0x.org/incidents/30491.html]
[status.0x.org/incidents/30490.html]
[status.0x.org/incidents/30489.html]
[status.0x.org/incidents/30488.html]
[status.0x.org/incidents/30487.html]
[status.0x.org/incidents/30241.html]
[status.0x.org/incidents/30239.html]
[status.0x.org/incidents/30237.html]
[status.0x.org/incidents/30235.html]
[status.0x.org/incidents/30226.html]
[status.0x.org/incidents/29877.html]
[status.0x.org/incidents/29876.html]
[status.0x.org/incidents/29875.html]
[status.0x.org/incidents4abd.html]
[status.0x.org/incidents7de1.html]
[status.0x.org/incidents88d1.html]
[www.gitbook.com/explore-categories/featured.html]
[www.gitbook.com/explore-categories/featured2b1c.html]
[assets-global.website-files.com/600ead145d96f0d6c6772c5e/60364cedd011de358186c690_spaces_-LPf1Lv1YUuLYva6LrXQ_avatar.png]
[www.gitbook.com/explore-categories/api-docs2b1c.html]
[www.gitbook.com/submit-your-project.html]
[www.gitbook.com/explore-categories/api-docs1b3e.html]
[assets-global.website-files.com/600ead145d96f0d6c6772c5e/60364e3f48e3d04106fbb506_spaces_-LqMYcZML1bsXrN3Ezg0_avatar.png]
[assets-global.website-files.com/600ead145d96f0d6c6772c5e/60364e89e1f555484bbb6b96_linuxserver.png]
[www.gitbook.com/explore-categories/open-source2b1c.html]
[www.gitbook.com/explore-categories/product-docs2b1c.html]
[www.gitbook.com/user-stories.html]
[www.gitbook.com/webinar.html]
[www.gitbook.com/changelog.html]
[www.gitbook.com/explore-categories/product-docs1a3e.html]
[www.gitbook.com/cf_use_ob=0;path=/index.html]
[assets.calendly.com/assets/external/close-icon.svg]
[www.gitbook.com/_https_/assets-global.website-files.com/600ead1452cf056d0e52dbed/603409f0e9a67426def8fdae_Timelapse-poster-00001.html]
[status.0x.org/incidents/30751.html]
[status.0x.org/incidents/30748.html]
[status.0x.org/incidents/30747.html]
[status.0x.org/incidents/30742.html]
[status.0x.org/incidents/30741.html]
[status.0x.org/incidents/30740.html]
[status.0x.org/incidents/30739.html]
[status.0x.org/incidents/30738.html]
[status.0x.org/incidents/30737.html]
[status.0x.org/incidents/30736.html]
[status.0x.org/incidents/30735.html]
[status.0x.org/incidents/30734.html]
[status.0x.org/incidents/30732.html]
[status.0x.org/incidents/30730.html]
[status.0x.org/incidents/30728.html]
[status.0x.org/incidents/30727.html]
[status.0x.org/incidents/30726.html]
[status.0x.org/incidents/30717.html]
[status.0x.org/incidents/30700.html]
[status.0x.org/incidents/30607.html]
[status.0x.org/incidents/30606.html]
[status.0x.org/incidents/30605.html]
[status.0x.org/incidents/30604.html]
[status.0x.org/incidents/30603.html]
[status.0x.org/incidents/30600.html]
[status.0x.org/incidents/30575.html]
[status.0x.org/incidents/30553.html]
[status.0x.org/incidents/30551.html]
[status.0x.org/incidents/30548.html]
[status.0x.org/incidents/30546.html]
[status.0x.org/incidents/30545.html]
[status.0x.org/incidents/30544.html]
[status.0x.org/incidents/30533.html]
[status.0x.org/incidents/30525.html]
[status.0x.org/incidents/30521.html]
[status.0x.org/incidents/30496.html]
[status.0x.org/incidents/30492.html]
[status.0x.org/incidents/30491.html]
[status.0x.org/incidents/30490.html]
[status.0x.org/incidents/30489.html]
[status.0x.org/incidents/30488.html]
[status.0x.org/incidents/30487.html]
[status.0x.org/incidents/30241.html]
[status.0x.org/incidents/30239.html]
[status.0x.org/incidents/30237.html]
[status.0x.org/incidents/30235.html]
[status.0x.org/incidents/30226.html]
[status.0x.org/incidents/29877.html]
[status.0x.org/incidents/29876.html]
[status.0x.org/incidents/29875.html]
[status.0x.org/incidents4abd.html]
[status.0x.org/incidents/29824.html]
[status.0x.org/incidents/29823.html]
[status.0x.org/incidents/29778.html]
[status.0x.org/incidents/29777.html]
[status.0x.org/incidents/29776.html]
[status.0x.org/incidents/29775.html]
[status.0x.org/incidents/29774.html]
[status.0x.org/incidents/29773.html]
[status.0x.org/incidents/29772.html]
[status.0x.org/incidents/29771.html]
[status.0x.org/incidents/29691.html]
[status.0x.org/incidents/29678.html]
[status.0x.org/incidents/29675.html]
[status.0x.org/incidents/29664.html]
[status.0x.org/incidents/29642.html]
[status.0x.org/incidents/29641.html]
[status.0x.org/incidents/29640.html]
[status.0x.org/incidents/29639.html]
[status.0x.org/incidents/29323.html]
[status.0x.org/incidents/29322.html]
[status.0x.org/incidents/29321.html]
[status.0x.org/incidents/29318.html]
[status.0x.org/incidents/29205.html]
[status.0x.org/incidents/29203.html]
[status.0x.org/incidents/29202.html]
[status.0x.org/incidents/29186.html]
[status.0x.org/incidents/29171.html]
[status.0x.org/incidents/29170.html]
[status.0x.org/incidents/29168.html]
[status.0x.org/incidents/29166.html]
[status.0x.org/incidents/29165.html]
[status.0x.org/incidents/29162.html]
[status.0x.org/incidents/29161.html]
[status.0x.org/incidents/29160.html]
[status.0x.org/incidents/29147.html]
[status.0x.org/incidents/29146.html]
[status.0x.org/incidents/29145.html]
[status.0x.org/incidents/29144.html]
[status.0x.org/incidents/29142.html]
[status.0x.org/incidents/29140.html]
[status.0x.org/incidents/29123.html]
[status.0x.org/incidents/29119.html]
[status.0x.org/incidents/29118.html]
[status.0x.org/incidents/29117.html]
[status.0x.org/incidents/29116.html]
[status.0x.org/incidents/29114.html]
[status.0x.org/incidents/29113.html]
[status.0x.org/incidents/29112.html]
[status.0x.org/incidents/29107.html]
[status.0x.org/incidents/29106.html]
[status.0x.org/incidents84ec.html]
[status.0x.org/incidents88d1.html]
[status.0x.org/incidents504c.html]
[www.gitbook.com/explore-categories/featured2b1c.html]
[www.gitbook.com/explore-categories/api-docs1b3e.html]
[assets-global.website-files.com/600ead145d96f0d6c6772c5e/60364b321b0c09b97bf339db_spaces_-LRtsae7H2l0Wn3A4biK_avatar.png]
[www.gitbook.com/explore-categories/product-docs1a3e.html]
[www.gitbook.com/contact/POST.html]
[www.gitbook.com/explore-categories/product-docs35a3.html]
[www.gitbook.com/contact/cf_use_ob=0;path=/index.html]
[status.0x.org/incidents/29824.html]
[status.0x.org/incidents/29823.html]
[status.0x.org/incidents/29778.html]
[status.0x.org/incidents/29777.html]
[status.0x.org/incidents/29776.html]
[status.0x.org/incidents/29775.html]
[status.0x.org/incidents/29774.html]
[status.0x.org/incidents/29773.html]
[status.0x.org/incidents/29772.html]
[status.0x.org/incidents/29771.html]
[status.0x.org/incidents/29691.html]
[status.0x.org/incidents/29678.html]
[status.0x.org/incidents/29675.html]
[status.0x.org/incidents/29664.html]
[status.0x.org/incidents/29642.html]
[status.0x.org/incidents/29641.html]
[status.0x.org/incidents/29640.html]
[status.0x.org/incidents/29639.html]
[status.0x.org/incidents/29323.html]
[status.0x.org/incidents/29322.html]
[status.0x.org/incidents/29321.html]
[status.0x.org/incidents/29318.html]
[status.0x.org/incidents/29205.html]
[status.0x.org/incidents/29203.html]
[status.0x.org/incidents/29202.html]
[status.0x.org/incidents/29186.html]
[status.0x.org/incidents/29171.html]
[status.0x.org/incidents/29170.html]
[status.0x.org/incidents/29168.html]
[status.0x.org/incidents/29166.html]
[status.0x.org/incidents/29165.html]
[status.0x.org/incidents/29162.html]
[status.0x.org/incidents/29161.html]
[status.0x.org/incidents/29160.html]
[status.0x.org/incidents/29147.html]
[status.0x.org/incidents/29146.html]
[status.0x.org/incidents/29145.html]
[status.0x.org/incidents/29144.html]
[status.0x.org/incidents/29142.html]
[status.0x.org/incidents/29140.html]
[status.0x.org/incidents/29123.html]
[status.0x.org/incidents/29119.html]
[status.0x.org/incidents/29118.html]
[status.0x.org/incidents/29117.html]
[status.0x.org/incidents/29116.html]
[status.0x.org/incidents/29114.html]
[status.0x.org/incidents/29113.html]
[status.0x.org/incidents/29112.html]
[status.0x.org/incidents/29107.html]
[status.0x.org/incidents/29106.html]
[status.0x.org/incidents84ec.html]
[status.0x.org/incidents/29105.html]
[status.0x.org/incidents/29103.html]
[status.0x.org/incidents/29102.html]
[status.0x.org/incidents/29093.html]
[status.0x.org/incidents/14037.html]
[status.0x.org/incidents/14036.html]
[status.0x.org/incidents/14035.html]
[status.0x.org/incidents/14034.html]
[status.0x.org/incidents/12700.html]
[status.0x.org/incidents/12698.html]
[status.0x.org/incidents/12697.html]
[status.0x.org/incidents504c.html]
[www.gitbook.com/explore-categories/business2b1c.html]
[www.gitbook.com/explore-categories/coding2b1c.html]
[status.0x.org/incidents1dbd.html]
[www.gitbook.com/explore-categories/product-docs35a3.html]
[status.0x.org/incidents/29105.html]
[status.0x.org/incidents/29103.html]
[status.0x.org/incidents/29102.html]
[status.0x.org/incidents/29093.html]
[status.0x.org/incidents/14037.html]
[status.0x.org/incidents/14036.html]
[status.0x.org/incidents/14035.html]
[status.0x.org/incidents/14034.html]
[status.0x.org/incidents/12700.html]
[status.0x.org/incidents/12698.html]
[status.0x.org/incidents/12697.html]
[status.0x.org/incidents1dbd.html]
[www.gitbook.com/explore-categories/open-source1b3e.html]
[www.gitbook.com/explore-categories/product-docs1b3e.html]
[www.gitbook.com/cf_use_ob=0;path=.html]
[www.gitbook.com/explore-categories/featured1b3e.html]
[www.gitbook.com/explore-categories/cf_use_ob=0;path=/index.html]
[www.gitbook.com/contact/cf_use_ob=0;path=.html]
